---
source: tui/tests/bottom_spacer_clip_regression.rs
assertion_line: 53
expression: expanded
---
 |                                                        Code                                                        |




    █
    █
    █
    █
    █
    █
    █
    █
    █
    █








 › Share your reasoning and then your final answer.

   Having reasoned through the constraints, the assistant now presents a final answer summarising why the spacer
 • preserves the last visible line.

 | What can I code for you today?                                                                                     |

   Read Only  (Shift+Tab change)                                                               Ctrl+H help  •  API key
