---
source: tui/tests/vt100_chatwidget_snapshot.rs
expression: output
---
 +----------------------------------------------------------------------------+
 |                                    Code                                    |
 +----------------------------------------------------------------------------+









 +----------------------------------------------------------------------------+
 | What can I code for you today?                                             |
 +----------------------------------------------------------------------------+
   Read Only  (Shift+Tab change)                       Ctrl+H help  â€¢  API key
