---
source: tui/tests/vt100_chatwidget_snapshot.rs
expression: output
---
 +----------------------------------------------------------------------------+
 |                                    Code                                    |
 +----------------------------------------------------------------------------+




 › Handle captcha gracefully

   +- Browser (headless): example.com
   |
   |   Actions
   |    MM:SS  Opened   https://example.com
   |    MM:SS  Typed    pizza
   |    MM:SS  Pressed  Enter
   |
   |   Console: ⚠️  Encountering captcha block
   |
   +- [Ctrl+B] View · [Esc] Stop

 +----------------------------------------------------------------------------+
 | What can I code for you today?                                             |
 +----------------------------------------------------------------------------+
   Read Only  (Shift+Tab change)                       Ctrl+H help  •  API key
